// Jest Snapshot v1, https://goo.gl/fbAQLP

exports[`yrp should retrieve player names 1`] = `
Array [
  "가나다라",
  "Player",
]
`;

exports[`yrp should retrieve replay header information 1`] = `
Object {
  "dataSize": 442,
  "flag": 1,
  "hash": 0,
  "id": 829452921,
  "props": Object {
    "data": Array [
      93,
      0,
      0,
      0,
      1,
      0,
      0,
      0,
    ],
    "type": "Buffer",
  },
  "seed": 1616370681,
  "version": 4946,
}
`;

exports[`yrp should retrieve replay header information from file 1`] = `
Object {
  "dataSize": 442,
  "flag": 1,
  "hash": 0,
  "id": 829452921,
  "props": Object {
    "data": Array [
      93,
      0,
      0,
      0,
      1,
      0,
      0,
      0,
    ],
    "type": "Buffer",
  },
  "seed": 1616370681,
  "version": 4946,
}
`;

exports[`yrp should retrieve replay parameters 1`] = `
Object {
  "drawCount": 1,
  "duelFlags": 327680,
  "startHand": 5,
  "startLP": 8000,
}
`;

exports[`yrp should retrieve replay script name 1`] = `""`;
